exports["INSERT DATA can have additional prologue"] = "#pragma join.hash off\nBASE <http://foo.bar/baz>\n\nPREFIX owl: <http://www.w3.org/2002/07/owl#>\n\nINSERT DATA {\n  <http://example.com/bar> owl:sameAs <http://example.org/bar> .\n}";

